{
    "selected_metrics_mqc": {
        "content": [
            "nf-wgs-pipeline_selected_metrics_mqc.txt:md5,2674e96c18e8bfac2f59f26a6addf247"
        ],
        "timestamp": "2025-06-23T14:06:33+0000"
    },
    "sequoia": {
        "content": [
            "df_filtered_placed_variants_GROUP1.tsv:md5,791f3cd82e454ae0c9434a5982e4c80f"
        ],
        "timestamp": "2025-06-23T14:06:33+0000"
    },
    "all_metrics_mqc": {
        "content": [
            "nf-wgs-pipeline_all_metrics_mqc.txt:md5,b1d4973239cf90dcd334cdbf1878d899"
        ],
        "timestamp": "2025-06-23T14:06:33+0000"
    }
}